CRITICAL - 2025-12-14 15:07:34 --> ErrorException: include(C:\laragon\www\kua\vendor\composer/../../app/Models/DatasetModel.php): Failed to open stream: No such file or directory
[Method: GET, Route: /]
in FCPATH\vendor\composer\ClassLoader.php on line 576.
 1 FCPATH\vendor\composer\ClassLoader.php(576): CodeIgniter\Debug\Exceptions->errorHandler(2, 'include(C:\\laragon\\www\\kua\\vendor\\composer/../../app/Models/DatasetModel.php): Failed to open stream: No such file or directory', 'C:\\laragon\\www\\kua\\vendor\\composer\\ClassLoader.php', 576)
 2 FCPATH\vendor\composer\ClassLoader.php(576): include()
 3 FCPATH\vendor\composer\ClassLoader.php(427): Composer\Autoload\{closure}('C:\\laragon\\www\\kua\\vendor\\composer/../../app/Models/DatasetModel.php')
 4 APPPATH\Controllers\Home.php(15): Composer\Autoload\ClassLoader->loadClass('App\\Models\\DatasetModel')
 5 SYSTEMPATH\CodeIgniter.php(903): App\Controllers\Home->__construct()
 6 SYSTEMPATH\CodeIgniter.php(498): CodeIgniter\CodeIgniter->createController()
 7 SYSTEMPATH\CodeIgniter.php(354): CodeIgniter\CodeIgniter->handleRequest(null, Object(Config\Cache), false)
 8 SYSTEMPATH\Boot.php(334): CodeIgniter\CodeIgniter->run()
 9 SYSTEMPATH\Boot.php(67): CodeIgniter\Boot::runCodeIgniter(Object(CodeIgniter\CodeIgniter))
10 FCPATH\index.php(59): CodeIgniter\Boot::bootWeb(Object(Config\Paths))
CRITICAL - 2025-12-14 15:12:21 --> ErrorException: include(C:\laragon\www\kua\vendor\composer/../../app/Models/DatasetModel.php): Failed to open stream: No such file or directory
[Method: GET, Route: /]
in FCPATH\vendor\composer\ClassLoader.php on line 576.
 1 FCPATH\vendor\composer\ClassLoader.php(576): CodeIgniter\Debug\Exceptions->errorHandler(2, 'include(C:\\laragon\\www\\kua\\vendor\\composer/../../app/Models/DatasetModel.php): Failed to open stream: No such file or directory', 'C:\\laragon\\www\\kua\\vendor\\composer\\ClassLoader.php', 576)
 2 FCPATH\vendor\composer\ClassLoader.php(576): include()
 3 FCPATH\vendor\composer\ClassLoader.php(427): Composer\Autoload\{closure}('C:\\laragon\\www\\kua\\vendor\\composer/../../app/Models/DatasetModel.php')
 4 APPPATH\Controllers\Home.php(15): Composer\Autoload\ClassLoader->loadClass('App\\Models\\DatasetModel')
 5 SYSTEMPATH\CodeIgniter.php(903): App\Controllers\Home->__construct()
 6 SYSTEMPATH\CodeIgniter.php(498): CodeIgniter\CodeIgniter->createController()
 7 SYSTEMPATH\CodeIgniter.php(354): CodeIgniter\CodeIgniter->handleRequest(null, Object(Config\Cache), false)
 8 SYSTEMPATH\Boot.php(334): CodeIgniter\CodeIgniter->run()
 9 SYSTEMPATH\Boot.php(67): CodeIgniter\Boot::runCodeIgniter(Object(CodeIgniter\CodeIgniter))
10 FCPATH\index.php(59): CodeIgniter\Boot::bootWeb(Object(Config\Paths))
